2026-08-14T14:51:28.052206Z 0 [System] [MY-013169] [Server] C:\Program Files\MySQL\MySQL Server 8.0\bin\mysqld.exe (mysqld 8.0.46) initializing of server in progress as process 8740
2026-08-14T14:51:28.092342Z 1 [System] [MY-013576] [InnoDB] InnoDB initialization has started.
2026-08-14T14:51:28.767624Z 1 [System] [MY-013577] [InnoDB] InnoDB initialization has ended.
2026-08-14T14:51:31.004486Z 6 [Warning] [MY-010453] [Server] root@localhost is created with an empty password ! Please consider switching off the --initialize-insecure option.
2026-08-14T14:51:58.320397Z 0 [System] [MY-010116] [Server] C:\Program Files\MySQL\MySQL Server 8.0\bin\mysqld.exe (mysqld 8.0.46) starting as process 12140
2026-08-14T14:51:58.359823Z 1 [System] [MY-013576] [InnoDB] InnoDB initialization has started.
2026-08-14T14:51:58.798938Z 1 [System] [MY-013577] [InnoDB] InnoDB initialization has ended.
2026-08-14T14:51:59.310276Z 0 [Warning] [MY-010068] [Server] CA certificate ca.pem is self signed.
2026-08-14T14:51:59.310879Z 0 [System] [MY-013602] [Server] Channel mysql_main configured to support TLS. Encrypted connections are now supported for this channel.
2026-08-14T14:51:59.398966Z 0 [System] [MY-011323] [Server] X Plugin ready for connections. Bind-address: '::' port: 33060
2026-08-14T14:51:59.399271Z 0 [System] [MY-010931] [Server] C:\Program Files\MySQL\MySQL Server 8.0\bin\mysqld.exe: ready for connections. Version: '8.0.46'  socket: ''  port: 3307  MySQL Community Server - GPL.
2026-08-15T06:02:34.350257Z 0 [System] [MY-010116] [Server] C:\Program Files\MySQL\MySQL Server 8.0\bin\mysqld.exe (mysqld 8.0.46) starting as process 22204
2026-08-15T06:02:34.441193Z 1 [System] [MY-013576] [InnoDB] InnoDB initialization has started.
2026-08-15T06:02:35.143953Z 1 [System] [MY-013577] [InnoDB] InnoDB initialization has ended.
2026-08-15T06:02:35.547726Z 0 [System] [MY-010229] [Server] Starting XA crash recovery...
2026-08-15T06:02:35.568905Z 0 [System] [MY-010232] [Server] XA crash recovery finished.
2026-08-15T06:02:35.730284Z 0 [Warning] [MY-010068] [Server] CA certificate ca.pem is self signed.
2026-08-15T06:02:35.731584Z 0 [System] [MY-013602] [Server] Channel mysql_main configured to support TLS. Encrypted connections are now supported for this channel.
2026-08-15T06:02:35.845191Z 0 [System] [MY-011323] [Server] X Plugin ready for connections. Bind-address: '::' port: 33060
2026-08-15T06:02:35.845363Z 0 [System] [MY-010931] [Server] C:\Program Files\MySQL\MySQL Server 8.0\bin\mysqld.exe: ready for connections. Version: '8.0.46'  socket: ''  port: 3307  MySQL Community Server - GPL.
2026-08-17T13:16:17.968854Z 0 [System] [MY-010116] [Server] C:\Program Files\MySQL\MySQL Server 8.0\bin\mysqld.exe (mysqld 8.0.46) starting as process 6424
2026-08-17T13:16:18.034934Z 1 [System] [MY-013576] [InnoDB] InnoDB initialization has started.
2026-08-17T13:16:18.809554Z 1 [System] [MY-013577] [InnoDB] InnoDB initialization has ended.
2026-08-17T13:16:19.203102Z 0 [System] [MY-010229] [Server] Starting XA crash recovery...
2026-08-17T13:16:19.211806Z 0 [System] [MY-010232] [Server] XA crash recovery finished.
2026-08-17T13:16:19.376805Z 0 [Warning] [MY-010068] [Server] CA certificate ca.pem is self signed.
2026-08-17T13:16:19.377432Z 0 [System] [MY-013602] [Server] Channel mysql_main configured to support TLS. Encrypted connections are now supported for this channel.
2026-08-17T13:16:19.455256Z 0 [System] [MY-011323] [Server] X Plugin ready for connections. Bind-address: '::' port: 33060
2026-08-17T13:16:19.455508Z 0 [System] [MY-010931] [Server] C:\Program Files\MySQL\MySQL Server 8.0\bin\mysqld.exe: ready for connections. Version: '8.0.46'  socket: ''  port: 3307  MySQL Community Server - GPL.
